// Jest Snapshot v1, https://goo.gl/fbAQLP

exports[`Reports post permissions should be able to run permitted db reports 1`] = `
[
  [
    "test_column",
  ],
  [
    2,
  ],
]
`;
